
Running 4 tests using 1 worker

[1A[2K(node:25687) Warning: The 'NO_COLOR' env is ignored due to the 'FORCE_COLOR' env being set.
(Use `node --trace-warnings ...` to show where the warning was created)


[1A[2K(node:25687) Warning: The 'NO_COLOR' env is ignored due to the 'FORCE_COLOR' env being set.
(Use `node --trace-warnings ...` to show where the warning was created)


[1A[2K[1/4] [chromium] › tests/realistic-e2e.spec.ts:200:5 › Гость → Авторизация → Заказ → Оплата картой
[1A[2K[chromium] › tests/realistic-e2e.spec.ts:200:5 › Гость → Авторизация → Заказ → Оплата картой

🎭 ТЕСТ 1: Гость создает заказ


[1A[2K⏳ Ждем загрузку preloader...

[1A[2K✅ Страница загружена

[1A[2K✅ Статус: Гость

[1A[2K✅ Анимированный указатель отображается

[1A[2K📍 Выбор района: Центральный район

[1A[2Kℹ️ Район уже выбран

[1A[2K📅 Выбор даты...

